  alpha_dec.c
  buffer_dec.c
  frame_dec.c
  idec_dec.c
  io_dec.c
  quant_dec.c
  tree_dec.c
  vp8l_dec.c
  vp8_dec.c
  webp_dec.c
  anim_decode.c
  demux.c
  alpha_processing.c
  alpha_processing_mips_dsp_r2.c
  alpha_processing_neon.c
  alpha_processing_sse2.c
  alpha_processing_sse41.c
  cost.c
  cost_mips32.c
  cost_mips_dsp_r2.c
  cost_neon.c
  cost_sse2.c
  cpu.c
  dec.c
  dec_clip_tables.c
  dec_mips32.c
  dec_mips_dsp_r2.c
  dec_msa.c
  dec_neon.c
  dec_sse2.c
  dec_sse41.c
  enc.c
  enc_mips32.c
  enc_mips_dsp_r2.c
  enc_msa.c
  enc_neon.c
  enc_sse2.c
  enc_sse41.c
  filters.c
  filters_mips_dsp_r2.c
  filters_msa.c
  filters_neon.c
  filters_sse2.c
  lossless.c
  lossless_enc.c
  lossless_enc_mips32.c
  lossless_enc_mips_dsp_r2.c
  lossless_enc_msa.c
  lossless_enc_neon.c
  lossless_enc_sse2.c
  lossless_enc_sse41.c
  lossless_mips_dsp_r2.c
  lossless_msa.c
  lossless_neon.c
  lossless_sse2.c
  lossless_sse41.c
  rescaler.c
  rescaler_mips32.c
  rescaler_mips_dsp_r2.c
  rescaler_msa.c
  rescaler_neon.c
  rescaler_sse2.c
  ssim.c
  ssim_sse2.c
  upsampling.c
  upsampling_mips_dsp_r2.c
  upsampling_msa.c
  upsampling_neon.c
  upsampling_sse2.c
  upsampling_sse41.c
  yuv.c
  yuv_mips32.c
  yuv_mips_dsp_r2.c
  yuv_neon.c
  yuv_sse2.c
  yuv_sse41.c
  bit_reader_utils.c
  bit_writer_utils.c
  color_cache_utils.c
  filters_utils.c
  huffman_encode_utils.c
  huffman_utils.c
  palette.c
  quant_levels_dec_utils.c
  quant_levels_utils.c
  random_utils.c
  rescaler_utils.c
  thread_utils.c
  utils.c
  config.c
  debug.c
  ini.c
  mem.c
  os.c
  render.c
  render_d3d.c
  render_gdi.c
  render_opengl.c
  render_software.c
  safe_size.c
  small_pool.c
  string.c
  utf8.c
  viv.c
  wchar.c
  webp.c
D:\AgentSpace\CodexSpace\voidImageViewer-1.0.0.15\src\viv.c(10599,1): warning C4819: 该文件包含不能在当前代码页(936)中表示的字符。请将该文件保存为 Unicode 格式以防止数据丢失
  voidImageViewer.vcxproj -> D:\AgentSpace\CodexSpace\voidImageViewer-1.0.0.15\vs2019\x64\Debug\voidImageViewer.exe
